分类: 📺央视频道, 名称: CCTV-4, 有效: 1, IPv4: 1, IPv6: 0, 最小延迟: 487 ms, 最高速率: 1.43 M/s, 平均速率: 1.43 M/s, 最高分辨率: 1280x720, 平均帧率: 25.00, 视频编解码器: h264, 音频编解码器: aac
分类: 📺央视频道, 名称: CCTV-1, 有效: 1, IPv4: 1, IPv6: 0, 最小延迟: 510 ms, 最高速率: 2.06 M/s, 平均速率: 2.06 M/s, 最高分辨率: 1280x720, 平均帧率: 25.00, 视频编解码器: h264, 音频编解码器: aac
分类: 📺央视频道, 名称: CCTV-2, 有效: 1, IPv4: 1, IPv6: 0, 最小延迟: 554 ms, 最高速率: 2.52 M/s, 平均速率: 2.52 M/s, 最高分辨率: 1280x720, 平均帧率: 25.00, 视频编解码器: h264, 音频编解码器: aac
分类: 📺央视频道, 名称: CCTV-5, 有效: 1, IPv4: 1, IPv6: 0, 最小延迟: 651 ms, 最高速率: 3.90 M/s, 平均速率: 3.90 M/s, 最高分辨率: 1280x720, 平均帧率: 25.00, 视频编解码器: h264, 音频编解码器: aac
分类: 📺央视频道, 名称: CCTV-3, 有效: 1, IPv4: 1, IPv6: 0, 最小延迟: 688 ms, 最高速率: 4.78 M/s, 平均速率: 4.78 M/s, 最高分辨率: 1920x1080, 平均帧率: 25.00, 视频编解码器: h264, 音频编解码器: aac
分类: 📺央视频道, 名称: CCTV-6, 有效: 1, IPv4: 1, IPv6: 0, 最小延迟: 542 ms, 最高速率: 2.08 M/s, 平均速率: 2.08 M/s, 最高分辨率: 1280x720, 平均帧率: 25.00, 视频编解码器: h264, 音频编解码器: aac
分类: 📺央视频道, 名称: CCTV-8, 有效: 1, IPv4: 1, IPv6: 0, 最小延迟: 426 ms, 最高速率: 1.20 M/s, 平均速率: 1.20 M/s, 最高分辨率: 1280x720, 平均帧率: 25.00, 视频编解码器: h264, 音频编解码器: aac
分类: 📺央视频道, 名称: CCTV-5+, 有效: 1, IPv4: 1, IPv6: 0, 最小延迟: 639 ms, 最高速率: 5.09 M/s, 平均速率: 5.09 M/s, 最高分辨率: 1920x1080, 平均帧率: 25.00, 视频编解码器: h264, 音频编解码器: aac
分类: 📺央视频道, 名称: CCTV-7, 有效: 1, IPv4: 1, IPv6: 0, 最小延迟: 666 ms, 最高速率: 4.94 M/s, 平均速率: 4.94 M/s, 最高分辨率: 1920x1080, 平均帧率: 25.00, 视频编解码器: h264, 音频编解码器: aac
分类: 📺央视频道, 名称: CCTV-9, 有效: 1, IPv4: 1, IPv6: 0, 最小延迟: 671 ms, 最高速率: 5.01 M/s, 平均速率: 5.01 M/s, 最高分辨率: 1920x1080, 平均帧率: 25.00, 视频编解码器: h264, 音频编解码器: aac
分类: 📺央视频道, 名称: CCTV-12, 有效: 1, IPv4: 1, IPv6: 0, 最小延迟: 439 ms, 最高速率: 1.68 M/s, 平均速率: 1.68 M/s, 最高分辨率: 1280x720, 平均帧率: 25.00, 视频编解码器: h264, 音频编解码器: aac
分类: 📺央视频道, 名称: CCTV-11, 有效: 1, IPv4: 1, IPv6: 0, 最小延迟: 706 ms, 最高速率: 3.56 M/s, 平均速率: 3.56 M/s, 最高分辨率: 1280x720, 平均帧率: 25.00, 视频编解码器: h264, 音频编解码器: aac
分类: 📺央视频道, 名称: CCTV-10, 有效: 1, IPv4: 1, IPv6: 0, 最小延迟: 723 ms, 最高速率: 3.46 M/s, 平均速率: 3.46 M/s, 最高分辨率: 1280x720, 平均帧率: 25.00, 视频编解码器: h264, 音频编解码器: aac
分类: 📺央视频道, 名称: CCTV-13, 有效: 1, IPv4: 1, IPv6: 0, 最小延迟: 665 ms, 最高速率: 3.91 M/s, 平均速率: 3.91 M/s, 最高分辨率: 1280x720, 平均帧率: 25.00, 视频编解码器: h264, 音频编解码器: aac
分类: 📺央视频道, 名称: CCTV-14, 有效: 1, IPv4: 1, IPv6: 0, 最小延迟: 712 ms, 最高速率: 4.65 M/s, 平均速率: 4.65 M/s, 最高分辨率: 1920x1080, 平均帧率: 25.00, 视频编解码器: h264, 音频编解码器: aac
分类: 📺央视频道, 名称: CCTV-15, 有效: 1, IPv4: 1, IPv6: 0, 最小延迟: 707 ms, 最高速率: 4.95 M/s, 平均速率: 4.95 M/s, 最高分辨率: 1920x1080, 平均帧率: 25.00, 视频编解码器: h264, 音频编解码器: aac
分类: 📺央视频道, 名称: CCTV-17, 有效: 1, IPv4: 1, IPv6: 0, 最小延迟: 558 ms, 最高速率: 2.01 M/s, 平均速率: 2.01 M/s, 最高分辨率: 1280x720, 平均帧率: 25.00, 视频编解码器: h264, 音频编解码器: aac
分类: 📺央视频道, 名称: CCTV-16, 有效: 1, IPv4: 1, IPv6: 0, 最小延迟: 656 ms, 最高速率: 5.03 M/s, 平均速率: 5.03 M/s, 最高分辨率: 1920x1080, 平均帧率: 25.00, 视频编解码器: h264, 音频编解码器: aac
分类: 📺央视频道, 名称: CETV-3, 有效: 0, IPv4: 1, IPv6: 0, 最小延迟: 671 ms, 最高速率: 4.00 M/s, 平均速率: 0.00 M/s, 最高分辨率: 720x576, 平均帧率: 25.00, 视频编解码器: h264, 音频编解码器: aac
分类: 📡卫视频道, 名称: 青海卫视, 有效: 1, IPv4: 1, IPv6: 0, 最小延迟: 670 ms, 最高速率: 5.09 M/s, 平均速率: 5.09 M/s, 最高分辨率: 1920x1080, 平均帧率: 25.00, 视频编解码器: h264, 音频编解码器: aac
分类: ☘️广东频道, 名称: 广东珠江, 有效: 1, IPv4: 1, IPv6: 0, 最小延迟: 551 ms, 最高速率: 2.23 M/s, 平均速率: 2.23 M/s, 最高分辨率: 1280x720, 平均帧率: 25.00, 视频编解码器: h264, 音频编解码器: aac
分类: ☘️广东频道, 名称: 广东新闻, 有效: 1, IPv4: 1, IPv6: 0, 最小延迟: 559 ms, 最高速率: 2.43 M/s, 平均速率: 2.43 M/s, 最高分辨率: 1280x720, 平均帧率: 25.00, 视频编解码器: h264, 音频编解码器: aac
分类: 📡卫视频道, 名称: 西藏卫视, 有效: 1, IPv4: 1, IPv6: 0, 最小延迟: 734 ms, 最高速率: 6.06 M/s, 平均速率: 6.06 M/s, 最高分辨率: 1920x1080, 平均帧率: 25.00, 视频编解码器: h264, 音频编解码器: aac
分类: ☘️广东频道, 名称: 广东体育, 有效: 1, IPv4: 1, IPv6: 0, 最小延迟: 565 ms, 最高速率: 5.43 M/s, 平均速率: 5.43 M/s, 最高分辨率: 1280x720, 平均帧率: 25.00, 视频编解码器: h264, 音频编解码器: aac
分类: ☘️广东频道, 名称: 大湾区卫视, 有效: 1, IPv4: 1, IPv6: 0, 最小延迟: 584 ms, 最高速率: 5.03 M/s, 平均速率: 5.03 M/s, 最高分辨率: 1280x720, 平均帧率: 25.00, 视频编解码器: h264, 音频编解码器: aac
